\BOOKMARK [0][-]{chapter*.1}{\376\377\000R\000e\000s\000u\000m\000e\000n}{}% 1
\BOOKMARK [0][-]{chapter*.2}{\376\377\000A\000b\000s\000t\000r\000a\000c\000t}{}% 2
\BOOKMARK [0][-]{chapter*.3}{\376\377\000D\000e\000d\000i\000c\000a\000t\000o\000r\000i\000a}{}% 3
\BOOKMARK [0][-]{chapter*.4}{\376\377\000A\000g\000r\000a\000d\000e\000c\000i\000m\000i\000e\000n\000t\000o\000s}{}% 4
\BOOKMARK [0][-]{chapter.1}{\376\377\000I\000n\000t\000r\000o\000d\000u\000c\000c\000i\000\363\000n}{}% 5
\BOOKMARK [1][-]{section.1.1}{\376\377\000P\000l\000a\000n\000t\000e\000a\000m\000i\000e\000n\000t\000o\000\040\000d\000e\000l\000\040\000P\000r\000o\000b\000l\000e\000m\000a}{chapter.1}% 6
\BOOKMARK [1][-]{section.1.2}{\376\377\000M\000o\000t\000i\000v\000a\000c\000i\000\363\000n}{chapter.1}% 7
\BOOKMARK [1][-]{section.1.3}{\376\377\000O\000b\000j\000e\000t\000i\000v\000o\000s}{chapter.1}% 8
\BOOKMARK [2][-]{subsection.1.3.1}{\376\377\000O\000b\000j\000e\000t\000i\000v\000o\000\040\000G\000e\000n\000e\000r\000a\000l}{section.1.3}% 9
\BOOKMARK [2][-]{subsection.1.3.2}{\376\377\000O\000b\000j\000e\000t\000i\000v\000o\000s\000\040\000E\000s\000p\000e\000c\000\355\000f\000i\000c\000o\000s}{section.1.3}% 10
\BOOKMARK [1][-]{section.1.4}{\376\377\000H\000i\000p\000\363\000t\000e\000s\000i\000s}{chapter.1}% 11
\BOOKMARK [1][-]{section.1.5}{\376\377\000E\000s\000t\000r\000u\000c\000t\000u\000r\000a\000\040\000d\000e\000l\000\040\000d\000o\000c\000u\000m\000e\000n\000t\000o\000\040\000d\000e\000\040\000l\000a\000\040\000T\000e\000s\000i\000s}{chapter.1}% 12
\BOOKMARK [0][-]{chapter.2}{\376\377\000M\000a\000r\000c\000o\000\040\000T\000e\000\363\000r\000i\000c\000o}{}% 13
\BOOKMARK [1][-]{section.2.1}{\376\377\000S\000i\000s\000t\000e\000m\000a\000s\000\040\000d\000e\000\040\000A\000u\000t\000o\000-\000I\000n\000g\000e\000n\000i\000e\000r\000i\000a}{chapter.2}% 14
\BOOKMARK [2][-]{subsection.2.1.1}{\376\377\000M\000a\000r\000c\000o\000\040\000d\000e\000\040\000S\000i\000s\000t\000e\000m\000a\000s\000\040\000d\000e\000\040\000A\000u\000t\000o\000-\000I\000n\000g\000e\000n\000i\000e\000r\000\355\000a}{section.2.1}% 15
\BOOKMARK [1][-]{section.2.2}{\376\377\000A\000c\000t\000i\000v\000i\000d\000a\000d\000e\000s\000\040\000d\000e\000\040\000d\000i\000s\000e\000\361\000o}{chapter.2}% 16
\BOOKMARK [2][-]{subsection.2.2.1}{\376\377\000D\000i\000s\000e\000\361\000o\000\040\000d\000e\000\040\000A\000r\000q\000u\000i\000t\000e\000c\000t\000u\000r\000a}{section.2.2}% 17
\BOOKMARK [2][-]{subsection.2.2.2}{\376\377\000D\000i\000s\000e\000\361\000o\000\040\000d\000e\000\040\000I\000n\000t\000e\000r\000f\000a\000c\000e\000s}{section.2.2}% 18
\BOOKMARK [2][-]{subsection.2.2.3}{\376\377\000D\000i\000s\000e\000\361\000o\000\040\000d\000e\000\040\000C\000o\000m\000p\000o\000n\000e\000n\000t\000e\000s}{section.2.2}% 19
\BOOKMARK [2][-]{subsection.2.2.4}{\376\377\000D\000i\000s\000e\000\361\000o\000\040\000d\000e\000\040\000E\000s\000t\000r\000u\000c\000t\000u\000r\000a\000s\000\040\000d\000e\000\040\000d\000a\000t\000o\000s}{section.2.2}% 20
\BOOKMARK [2][-]{subsection.2.2.5}{\376\377\000D\000i\000s\000e\000\361\000o\000\040\000d\000e\000\040\000A\000l\000g\000o\000r\000i\000t\000m\000o\000s}{section.2.2}% 21
\BOOKMARK [1][-]{section.2.3}{\376\377\000D\000i\000s\000e\000\361\000o\000\040\000A\000u\000t\000o\000m\000a\000t\000i\000z\000a\000d\000o\000\040\000d\000e\000\040\000A\000l\000g\000o\000r\000i\000t\000m\000o\000s}{chapter.2}% 22
\BOOKMARK [1][-]{section.2.4}{\376\377\000S\000i\000s\000t\000e\000m\000a\000s\000\040\000m\000u\000l\000t\000i\000a\000g\000e\000n\000t\000e\000s\000\040\000M\000A\000S}{chapter.2}% 23
\BOOKMARK [2][-]{subsection.2.4.1}{\376\377\000F\000u\000n\000d\000a\000m\000e\000n\000t\000o\000s\000\040\000y\000\040\000a\000r\000q\000u\000i\000t\000e\000c\000t\000u\000r\000a\000s\000\040\000d\000e\000\040\000l\000o\000s\000\040\000S\000i\000s\000t\000e\000m\000a\000s\000\040\000M\000u\000l\000t\000i\000a\000g\000e\000n\000t\000e\000s}{section.2.4}% 24
\BOOKMARK [2][-]{subsection.2.4.2}{\376\377\000T\000i\000p\000o\000l\000o\000g\000\355\000a\000\040\000c\000o\000g\000n\000i\000t\000i\000v\000a\000\040\000d\000e\000\040\000a\000g\000e\000n\000t\000e\000s\000:\000\040\000M\000o\000d\000e\000l\000o\000s\000\040\000d\000e\000\040\000c\000a\000j\000a\000\040\000n\000e\000g\000r\000a\000\040\000\050\000p\000u\000r\000a\000m\000e\000n\000t\000e\000\040\000e\000s\000t\000a\000d\000\355\000s\000t\000i\000c\000o\000s\000/\000r\000e\000a\000c\000t\000i\000v\000o\000s\000\040\000\051\000\040\000v\000s\000.\000\040\000M\000o\000d\000e\000l\000o\000s\000\040\000d\000e\000\040\000c\000a\000j\000a\000\040\000g\000r\000i\000s\000\040\000\050\000h\000\355\000b\000r\000i\000d\000o\000s\000\040\000o\000\040\000n\000e\000u\000r\000o\000-\000s\000i\000m\000b\000\363\000l\000i\000c\000o\000s\000\051}{section.2.4}% 25
\BOOKMARK [2][-]{subsection.2.4.3}{\376\377\000P\000a\000r\000a\000d\000i\000g\000m\000a\000s\000\040\000d\000e\000\040\000c\000o\000o\000r\000d\000i\000n\000a\000c\000i\000\363\000n\000\040\000y\000\040\000c\000o\000m\000u\000n\000i\000c\000a\000c\000i\000\363\000n\000\040\000i\000n\000t\000e\000r\000-\000a\000g\000e\000n\000t\000e\000.}{section.2.4}% 26
\BOOKMARK [1][-]{section.2.5}{\376\377\000M\000o\000d\000e\000l\000o\000s\000\040\000g\000r\000a\000n\000d\000e\000\040\000d\000e\000\040\000l\000e\000n\000g\000u\000a\000j\000e\000\040\000\050\000L\000L\000M\000\051}{chapter.2}% 27
\BOOKMARK [1][-]{section.2.6}{\376\377\000A\000r\000b\000o\000l\000\040\000d\000e\000\040\000b\000u\000s\000q\000u\000e\000d\000a\000\040\000d\000e\000\040\000M\000o\000n\000t\000e\000-\000C\000a\000r\000l\000o\000\040\000\050\000M\000C\000T\000S\000\051}{chapter.2}% 28
\BOOKMARK [1][-]{section.2.7}{\376\377\000O\000n\000t\000o\000l\000o\000g\000\355\000a\000\040\000c\000o\000m\000o\000\040\000r\000e\000p\000r\000e\000s\000e\000n\000t\000a\000c\000i\000o\000n\000\040\000d\000e\000\040\000c\000o\000n\000o\000c\000i\000m\000i\000e\000n\000t\000o}{chapter.2}% 29
\BOOKMARK [0][-]{chapter.3}{\376\377\000E\000s\000t\000a\000d\000o\000\040\000d\000e\000l\000\040\000A\000r\000t\000e}{}% 30
\BOOKMARK [1][-]{section.3.1}{\376\377\000C\000o\000n\000c\000e\000p\000t\000u\000a\000l\000i\000z\000a\000c\000i\000o\000n\000\040\000d\000e\000l\000\040\000A\000u\000t\000o\000-\000d\000i\000s\000e\000\361\000o}{chapter.3}% 31
\BOOKMARK [1][-]{section.3.2}{\376\377\000A\000u\000t\000o\000m\000a\000t\000i\000z\000a\000c\000i\000\363\000n\000\040\000d\000e\000l\000\040\000D\000i\000s\000e\000\361\000o}{chapter.3}% 32
\BOOKMARK [2][-]{subsection.3.2.1}{\376\377\000A\000u\000t\000o\000d\000i\000s\000e\000\361\000o\000\040\000b\000a\000s\000a\000d\000o\000\040\000e\000n\000\040\000I\000n\000t\000e\000l\000i\000g\000e\000n\000c\000i\000a\000\040\000A\000r\000t\000i\000f\000i\000c\000i\000a\000l}{section.3.2}% 33
\BOOKMARK [2][-]{subsection.3.2.2}{\376\377\000A\000u\000t\000o\000d\000i\000s\000e\000\361\000o\000\040\000b\000i\000o\000-\000i\000n\000s\000p\000i\000r\000a\000d\000o}{section.3.2}% 34
\BOOKMARK [2][-]{subsection.3.2.3}{\376\377\000A\000u\000t\000o\000d\000i\000s\000e\000\361\000o\000\040\000b\000a\000s\000a\000d\000o\000\040\000e\000n\000\040\000m\000o\000d\000e\000l\000a\000d\000o\000\040\000d\000e\000\040\000a\000g\000e\000n\000t\000e\000s}{section.3.2}% 35
\BOOKMARK [2][-]{subsection.3.2.4}{\376\377\000A\000u\000t\000o\000d\000i\000s\000e\000\361\000o\000\040\000b\000a\000s\000a\000d\000o\000\040\000e\000n\000\040\000e\000l\000\040\000r\000e\000u\000s\000o\000\040\000y\000\040\000b\000u\000s\000q\000u\000e\000d\000a}{section.3.2}% 36
\BOOKMARK [1][-]{section.3.3}{\376\377\000C\000o\000n\000c\000e\000p\000t\000o\000s\000\040\000e\000m\000e\000r\000g\000e\000n\000t\000e\000s\000\040\000s\000i\000m\000i\000l\000a\000r\000e\000s\000\040\000a\000l\000\040\000a\000u\000t\000o\000-\000d\000i\000s\000e\000\361\000o}{chapter.3}% 37
\BOOKMARK [1][-]{section.3.4}{\376\377\000C\000o\000m\000p\000a\000r\000a\000c\000i\000o\000n\000\040\000d\000e\000\040\000t\000r\000a\000b\000a\000j\000o\000s}{chapter.3}% 38
\BOOKMARK [0][-]{chapter.4}{\376\377\000P\000r\000o\000p\000u\000e\000s\000t\000a}{}% 39
\BOOKMARK [1][-]{section.4.1}{\376\377\000M\000e\000t\000o\000d\000o\000l\000o\000g\000i\000a}{chapter.4}% 40
\BOOKMARK [2][-]{subsection.4.1.1}{\376\377\000R\000e\000v\000i\000s\000i\000o\000n\000\040\000S\000i\000s\000t\000e\000m\000a\000t\000i\000c\000a\000\040\000d\000e\000\040\000l\000i\000t\000e\000r\000a\000t\000u\000r\000a}{section.4.1}% 41
\BOOKMARK [3][-]{subsubsection.4.1.1.1}{\376\377\000F\000o\000r\000m\000u\000l\000a\000c\000i\000\363\000n\000\040\000p\000r\000e\000g\000u\000n\000t\000a\000s\000\040\000d\000e\000\040\000i\000n\000v\000e\000s\000t\000i\000g\000a\000c\000i\000\363\000n}{subsection.4.1.1}% 42
\BOOKMARK [3][-]{subsubsection.4.1.1.2}{\376\377\000E\000s\000t\000r\000a\000t\000e\000g\000i\000a\000\040\000d\000e\000\040\000b\000u\000s\000q\000u\000e\000d\000a}{subsection.4.1.1}% 43
\BOOKMARK [3][-]{subsubsection.4.1.1.3}{\376\377\000C\000r\000i\000t\000e\000r\000i\000o\000s\000\040\000d\000e\000\040\000I\000n\000c\000l\000u\000s\000i\000o\000n\000\040\000y\000\040\000d\000e\000\040\000e\000x\000c\000l\000u\000s\000i\000o\000n}{subsection.4.1.1}% 44
\BOOKMARK [3][-]{subsubsection.4.1.1.4}{\376\377\000P\000r\000o\000c\000e\000s\000o\000\040\000d\000e\000\040\000s\000e\000l\000e\000c\000c\000i\000o\000n\000\040\000d\000e\000\040\000e\000s\000t\000u\000d\000i\000o\000s}{subsection.4.1.1}% 45
\BOOKMARK [3][-]{subsubsection.4.1.1.5}{\376\377\000E\000x\000t\000r\000a\000c\000c\000i\000\363\000n\000\040\000d\000e\000\040\000d\000a\000t\000o\000s}{subsection.4.1.1}% 46
\BOOKMARK [3][-]{subsubsection.4.1.1.6}{\376\377\000R\000e\000s\000u\000l\000t\000a\000d\000o\000s}{subsection.4.1.1}% 47
\BOOKMARK [3][-]{subsubsection.4.1.1.7}{\376\377\000D\000i\000s\000c\000u\000s\000i\000\363\000n}{subsection.4.1.1}% 48
\BOOKMARK [2][-]{subsection.4.1.2}{\376\377\000D\000e\000f\000i\000n\000i\000c\000i\000o\000n\000\040\000y\000\040\000c\000o\000n\000c\000e\000p\000t\000u\000a\000l\000i\000z\000a\000c\000i\000o\000n}{section.4.1}% 49
\BOOKMARK [2][-]{subsection.4.1.3}{\376\377\000U\000s\000o\000\040\000d\000e\000\040\000P\000r\000o\000m\000e\000t\000h\000e\000u\000s}{section.4.1}% 50
\BOOKMARK [2][-]{subsection.4.1.4}{\376\377\000A\000n\000a\000l\000i\000s\000i\000s\000\040\000y\000\040\000v\000a\000l\000i\000d\000a\000c\000i\000o\000n}{section.4.1}% 51
\BOOKMARK [1][-]{section.4.2}{\376\377\000P\000r\000o\000p\000u\000e\000s\000t\000a\000\040\000m\000a\000r\000c\000o\000\040\000c\000o\000n\000c\000e\000p\000t\000u\000a\000l\000\040\000y\000\040\000a\000r\000q\000u\000i\000t\000e\000c\000t\000u\000r\000a}{chapter.4}% 52
\BOOKMARK [2][-]{subsection.4.2.1}{\376\377\000D\000e\000f\000i\000n\000i\000c\000i\000o\000n\000\040\000c\000o\000n\000c\000e\000p\000t\000u\000a\000l\000\040\000y\000\040\000f\000o\000r\000m\000a\000l}{section.4.2}% 53
\BOOKMARK [2][-]{subsection.4.2.2}{\376\377\000P\000r\000o\000p\000u\000e\000s\000t\000a\000\040\000d\000e\000t\000a\000l\000l\000a\000d\000a}{section.4.2}% 54
\BOOKMARK [2][-]{subsection.4.2.3}{\376\377\000R\000e\000s\000u\000m\000e\000n\000\040\000C\000o\000n\000c\000e\000p\000t\000u\000a\000l}{section.4.2}% 55
\BOOKMARK [0][-]{chapter.5}{\376\377\000E\000x\000p\000e\000r\000i\000m\000e\000n\000t\000a\000c\000i\000\363\000n\000\040\000y\000\040\000A\000n\000\341\000l\000i\000s\000i\000s\000\040\000d\000e\000\040\000R\000e\000s\000u\000l\000t\000a\000d\000o\000s}{}% 56
\BOOKMARK [1][-]{section.5.1}{\376\377\000A\000n\000\341\000l\000i\000s\000i\000s\000\040\000d\000e\000\040\000s\000e\000l\000e\000c\000c\000i\000\363\000n\000\040\000a\000u\000t\000o\000m\000\341\000t\000i\000c\000a\000\040\000d\000e\000\040\000a\000l\000g\000o\000r\000i\000t\000m\000o\000s}{chapter.5}% 57
\BOOKMARK [2][-]{subsection.5.1.1}{\376\377\000A\000n\000\341\000l\000i\000s\000i\000s\000\040\000d\000e\000\040\000l\000a\000\040\000a\000r\000q\000u\000i\000t\000e\000c\000t\000u\000r\000a\000:\000\040\000a\000u\000t\000o\000-\000d\000i\000s\000e\000\361\000o}{section.5.1}% 58
\BOOKMARK [1][-]{section.5.2}{\376\377\000E\000x\000p\000e\000r\000i\000m\000e\000n\000t\000a\000c\000i\000\363\000n}{chapter.5}% 59
\BOOKMARK [2][-]{subsection.5.2.1}{\376\377\000C\000a\000s\000o\000\040\000d\000e\000\040\000e\000s\000t\000u\000d\000i\000o\000:\000\040\000n\000u\000e\000v\000o\000\040\000p\000r\000o\000b\000l\000e\000m\000a\000,\000\040\000n\000u\000e\000v\000a\000\040\000s\000o\000l\000u\000c\000i\000\363\000n}{section.5.2}% 60
\BOOKMARK [2][-]{subsection.5.2.2}{\376\377\000E\000x\000p\000e\000r\000i\000m\000e\000n\000t\000o\000:\000\040\000I\000d\000e\000n\000t\000i\000f\000i\000c\000a\000c\000i\000\363\000n\000\040\000d\000e\000l\000\040\000P\000r\000o\000b\000l\000e\000m\000a}{section.5.2}% 61
\BOOKMARK [2][-]{subsection.5.2.3}{\376\377\000E\000x\000p\000e\000r\000i\000m\000e\000n\000t\000o\000:\000\040\000I\000d\000e\000n\000t\000i\000f\000i\000c\000a\000c\000i\000\363\000n\000\040\000d\000e\000l\000\040\000A\000l\000g\000o\000r\000i\000t\000m\000o}{section.5.2}% 62
\BOOKMARK [0][-]{chapter.6}{\376\377\000C\000o\000n\000c\000l\000u\000s\000i\000o\000n\000e\000s\000\040\000y\000\040\000T\000r\000a\000b\000a\000j\000o\000\040\000F\000u\000t\000u\000r\000o}{}% 63
\BOOKMARK [1][-]{section.6.1}{\376\377\000C\000o\000n\000c\000l\000u\000s\000i\000o\000n\000e\000s}{chapter.6}% 64
\BOOKMARK [1][-]{section.6.2}{\376\377\000O\000b\000j\000e\000t\000i\000v\000o\000s\000\040\000l\000o\000g\000r\000a\000d\000o\000s}{chapter.6}% 65
\BOOKMARK [1][-]{section.6.3}{\376\377\000T\000r\000a\000b\000a\000j\000o\000\040\000a\000\040\000f\000u\000t\000u\000r\000o}{chapter.6}% 66
\BOOKMARK [0][-]{chapter*.14}{\376\377\000R\000e\000f\000e\000r\000e\000n\000c\000i\000a\000s\000\040\000B\000i\000b\000l\000i\000o\000g\000r\000\341\000f\000i\000c\000a\000s}{}% 67
\BOOKMARK [0][-]{appendix.A}{\376\377\000C\000\363\000d\000i\000g\000o\000\040\000F\000u\000e\000n\000t\000e\000\040\000R\000e\000l\000e\000v\000a\000n\000t\000e}{}% 68
